// Jest Snapshot v1, https://goo.gl/fbAQLP

exports[`should render ExpenseListItem with an expenses 1`] = `
<div>
  <Link
    to="/edit/2"
  >
    <h2>
      Rent
    </h2>
  </Link>
  <p>
    $1,095
    -
    December 28th, 1969
  </p>
</div>
`;
