// Jest Snapshot v1, https://goo.gl/fbAQLP

exports[`should render Header correctly 1`] = `
<header>
  <h1>
    Expensify
  </h1>
  <NavLink
    activeClassName="isActive"
    to="/dashboard"
  >
    Home
  </NavLink>
  <NavLink
    activeClassName="isActive"
    to="/create"
  >
    Add
  </NavLink>
  <button
    onClick={[Function]}
  >
    Logout
  </button>
</header>
`;
